<!DOCTYPE HTML><html>
   <head>
      <meta http-equiv="Content-Type" content="text/html; charset=UTF-8">
      <title>Standard Error from test1</title>
   </head>
   <body>
      <pre>stderr</pre>
   </body>
</html>