<!DOCTYPE HTML><html>
   <head>
      <meta http-equiv="Content-Type" content="text/html; charset=UTF-8">
      <title>Unit Test Results: pkg.test1</title>
      <link rel="stylesheet" type="text/css" title="Style" href="../stylesheet.css"><script type="text/javascript" language="JavaScript">
                    var TestCases = new Array();
                    var cur;
                    </script><script type="text/javascript" language="JavaScript">
        function displayProperties (name) {
          var win = window.open('','JUnitSystemProperties','scrollbars=1,resizable=1');
          var doc = win.document;
          doc.open();
          doc.write("<html><head><title>Properties of " + name + "</title>");
          doc.write("<style type=\"text/css\">");
          doc.write("body {font:normal 68% verdana,arial,helvetica; color:#000000; }");
          doc.write("table tr td, table tr th { font-size: 68%; }");
          doc.write("table.properties { border-collapse:collapse; border-left:solid 1 #cccccc; border-top:solid 1 #cccccc; padding:5px; }");
          doc.write("table.properties th { text-align:left; border-right:solid 1 #cccccc; border-bottom:solid 1 #cccccc; background-color:#eeeeee; }");
          doc.write("table.properties td { font:normal; text-align:left; border-right:solid 1 #cccccc; border-bottom:solid 1 #cccccc; background-color:#fffffff; }");
          doc.write("h3 { margin-bottom: 0.5em; font: bold 115% verdana,arial,helvetica }");
          doc.write("</style>");
          doc.write("</head><body>");
          doc.write("<h3>Properties of " + name + "</h3>");
          doc.write("<div align=\"right\"><a href=\"javascript:window.close();\">Close</a></div>");
          doc.write("<table class='properties'>");
          doc.write("<tr><th>Name</th><th>Value</th></tr>");
          for (prop in TestCases[name]) {
            doc.write("<tr><th>" + prop + "</th><td>" + TestCases[name][prop] + "</td></tr>");
          }
          doc.write("</table>");
          doc.write("</body></html>");
          doc.close();
          win.focus();
        }
      
                </script></head>
   <body>
      <h1>Unit Test Results.</h1>
      <table width="100%">
         <tr>
            <td align="left"></td>
            <td align="right">Designed for use with <a href="https://www.junit.org/">JUnit</a> and <a href="https://ant.apache.org/">Ant</a>.</td>
         </tr>
      </table>
      <hr size="1">
      <h3>Class pkg.test1</h3>
      <table class="details" border="0" cellpadding="5" cellspacing="2" width="95%">
         <tr valign="top">
            <th width="80%">Name</th>
            <th>Tests</th>
            <th>Failures</th>
            <th>Errors</th>
            <th>Skipped</th>
            <th nowrap>Time(s)</th>
            <th nowrap>Time Stamp</th>
            <th>Host</th>
         </tr>
         <tr valign="top" class="Failure">
            <td><a title="Display all tests" href="_test1.html">test1</a></td>
            <td><a title="Display all tests" href="_test1.html">3</a></td>
            <td><a title="Display only failures" href="_test1-fails.html">1</a></td>
            <td>0</td>
            <td><a title="Display only skipped tests" href="_test1-skipped.html">1</a></td>
            <td>0.050</td>
            <td>2023-02-28T12:00:00Z</td>
            <td></td>
         </tr>
      </table>
      <h2>Failures</h2>
      <table class="details" border="0" cellpadding="5" cellspacing="2" width="95%">
         <tr valign="top">
            <th>Name</th>
            <th>Status</th>
            <th width="80%">Type</th>
            <th nowrap>Time(s)</th>
         </tr>
         <tr valign="top" class="Failure">
            <td><a name="failed"></a>failed</td>
            <td>Failure</td>
            <td>N/A<br><br><code>failure</code></td>
            <td>NaN</td>
         </tr>
      </table>
      <div class="Properties"><a href="javascript:displayProperties('pkg.test1');">
            Properties&nbsp;»
            </a></div>
      <div class="Properties"><a href="./_test1-out.html">
            System.out&nbsp;»
            </a></div>
      <div class="Properties"><a href="./_test1-err.html">
            System.err&nbsp;»
            </a></div>
   </body>
</html>