<!DOCTYPE HTML><html>
   <head>
      <meta http-equiv="Content-Type" content="text/html; charset=UTF-8">
      <title>Standard Output from test3</title>
   </head>
   <body>
      <pre>stdout</pre>
   </body>
</html>