<!DOCTYPE HTML><html>
   <head>
      <meta http-equiv="Content-Type" content="text/html; charset=UTF-8">
      <title>Unit Test Classes: pkg</title>
      <link rel="stylesheet" type="text/css" title="Style" href="../stylesheet.css">
   </head>
   <body>
      <table width="100%">
         <tr>
            <td nowrap>
               <h2><a href="package-summary.html" target="classFrame">pkg</a></h2>
            </td>
         </tr>
      </table>
      <h2>Classes</h2>
      <table width="100%">
         <tr>
            <td nowrap><a href="_test1.html" target="classFrame">test1</a></td>
         </tr>
         <tr>
            <td nowrap><a href="_test2.html" target="classFrame">test2</a></td>
         </tr>
         <tr>
            <td nowrap><a href="_test3.html" target="classFrame">test3</a></td>
         </tr>
      </table>
   </body>
</html>