<!DOCTYPE HTML><html>
   <head>
      <meta http-equiv="Content-Type" content="text/html; charset=UTF-8">
      <title>Unit Test Results: All Tests</title>
      <link rel="stylesheet" type="text/css" title="Style" href="stylesheet.css">
   </head>
   <body onload="open('allclasses-frame.html','classListFrame')">
      <h1>Unit Test Results.</h1>
      <table width="100%">
         <tr>
            <td align="left"></td>
            <td align="right">Designed for use with <a href="https://www.junit.org/">JUnit</a> and <a href="https://ant.apache.org/">Ant</a>.</td>
         </tr>
      </table>
      <hr size="1">
      <h2>All Tests</h2>
      <table class="details" border="0" cellpadding="5" cellspacing="2" width="95%">
         <tr valign="top">
            <th>Class</th>
            <th>Name</th>
            <th>Status</th>
            <th width="80%">Type</th>
            <th nowrap>Time(s)</th>
         </tr>
         <tr valign="top" class="TableRowColor">
            <td><a href="pkg/_test1.html">test1</a></td>
            <td><a name="skipped"></a><a href="pkg/_test1.html#skipped">skipped</a></td>
            <td>Skipped</td>
            <td>N/A<br><br><code></code></td>
            <td>NaN</td>
         </tr>
         <tr valign="top" class="Failure">
            <td><a href="pkg/_test1.html">test1</a></td>
            <td><a name="failed"></a><a href="pkg/_test1.html#failed">failed</a></td>
            <td>Failure</td>
            <td>N/A<br><br><code>failure</code></td>
            <td>NaN</td>
         </tr>
         <tr valign="top" class="TableRowColor">
            <td><a href="pkg/_test1.html">test1</a></td>
            <td><a name="succeeded"></a><a href="pkg/_test1.html#succeeded">succeeded</a></td>
            <td>Success</td>
            <td></td>
            <td>NaN</td>
         </tr>
         <tr valign="top">
            <td colspan="5">
               <details>
                  <summary style="cursor: pointer;">System.out&nbsp;»</summary>
                  <pre>stdout</pre>
               </details>
            </td>
         </tr>
         <tr valign="top">
            <td colspan="5">
               <details>
                  <summary style="cursor: pointer;">System.err&nbsp;»</summary>
                  <pre>stderr</pre>
               </details>
            </td>
         </tr>
         <tr valign="top" class="Error">
            <td><a href="pkg/_test2.html">test2</a></td>
            <td><a name="errored"></a><a href="pkg/_test2.html#errored">errored</a></td>
            <td>Error</td>
            <td>N/A<br><br><code>error</code></td>
            <td>NaN</td>
         </tr>
         <tr valign="top" class="TableRowColor">
            <td><a href="pkg/_test2.html">test2</a></td>
            <td><a name="succeeded"></a><a href="pkg/_test2.html#succeeded">succeeded</a></td>
            <td>Success</td>
            <td></td>
            <td>NaN</td>
         </tr>
         <tr valign="top">
            <td colspan="5">
               <details>
                  <summary style="cursor: pointer;">System.out&nbsp;»</summary>
                  <pre>stdout</pre>
               </details>
            </td>
         </tr>
         <tr valign="top">
            <td colspan="5">
               <details>
                  <summary style="cursor: pointer;">System.err&nbsp;»</summary>
                  <pre>stderr</pre>
               </details>
            </td>
         </tr>
         <tr valign="top" class="TableRowColor">
            <td><a href="pkg/_test3.html">test3</a></td>
            <td><a name="succeeded"></a><a href="pkg/_test3.html#succeeded">succeeded</a></td>
            <td>Success</td>
            <td></td>
            <td>NaN</td>
         </tr>
      </table>
   </body>
</html>