<!DOCTYPE HTML><html>
   <head>
      <meta http-equiv="Content-Type" content="text/html; charset=UTF-8">
      <title>Unit Test Results: All Failures</title>
      <link rel="stylesheet" type="text/css" title="Style" href="stylesheet.css">
   </head>
   <body onload="open('allclasses-frame.html','classListFrame')">
      <h1>Unit Test Results.</h1>
      <table width="100%">
         <tr>
            <td align="left"></td>
            <td align="right">Designed for use with <a href="https://www.junit.org/">JUnit</a> and <a href="https://ant.apache.org/">Ant</a>.</td>
         </tr>
      </table>
      <hr size="1">
      <h2>All Failures</h2>
      <table class="details" border="0" cellpadding="5" cellspacing="2" width="95%">
         <tr valign="top">
            <th>Class</th>
            <th>Name</th>
            <th>Status</th>
            <th width="80%">Type</th>
            <th nowrap>Time(s)</th>
         </tr>
         <tr valign="top" class="Failure">
            <td><a href="pkg/_test1.html">test1</a></td>
            <td><a name="failed"></a><a href="pkg/_test1.html#failed">failed</a></td>
            <td>Failure</td>
            <td>N/A<br><br><code>failure</code></td>
            <td>NaN</td>
         </tr>
      </table>
   </body>
</html>